// Vitest Snapshot v1

exports[`App > will take a snapshot of the header 1`] = `
<div
  className="App"
>
  <div>
    <div
      className="container"
    >
      <div
        className="row"
      >
        <div
          className="col-2"
        >
          <button
            className="btn btn-primary btn-sm"
          >
            Delete
          </button>
        </div>
        <div
          className="col-2"
        >
          <button
            className="btn btn-primary btn-sm"
          >
            Status
          </button>
        </div>
        <div
          className="col-1"
        >
          <label
            className="form-check-label"
          >
            P
          </label>
        </div>
        <div
          className="col-2"
        >
          <div
            className="form-check form-switch"
          >
            <input
              className="form-check-input"
              id="flexSwitchCheckDefault"
              role="switch"
              type="checkbox"
            />
          </div>
        </div>
        <div
          className="col-1"
        >
          <label
            className="form-check-label"
          >
            C
          </label>
        </div>
        <div
          className="col-4"
        >
          <form
            onSubmit={[Function]}
          >
            <input
              id="createTaskInput"
              onChange={[Function]}
              placeholder="Task"
              type="text"
              value=""
            />
            <button
              className="btn btn-primary"
              disabled={true}
              id="createTaskButton"
              type="submit"
            >
              +
            </button>
          </form>
        </div>
      </div>
    </div>
  </div>
  <div
    className="row"
    style={
      {
        "textAlign": "center",
      }
    }
  >
    <h3>
      Pending Tasks
    </h3>
  </div>
  <div
    className="row"
    style={
      {
        "textAlign": "center",
      }
    }
  >
    <h3>
      Completed Tasks
    </h3>
  </div>
</div>
`;
